// Jest Snapshot v1, https://goo.gl/fbAQLP

exports[`matches snapshot 1`] = `
<DocumentFragment>
  <div>
    <div
      style="width: 3em; height: 4em; background-color: black;"
    />
    <button>
      X
    </button>
  </div>
</DocumentFragment>
`;
